Launching lib\main.dart on 2412DPC0AG in debug mode...
Running Gradle task 'assembleDebug'...                          
Warning: Failed to download any source lists!
Warning: IO exception while downloading manifest:
java.io.FileNotFoundException: https://dl.google.com/android/repository/repository2-2.xml
	at java.base/sun.net.www.protocol.http.HttpURLConnection.getInputStream0(Unknown Source)
	at java.base/sun.net.www.protocol.http.HttpURLConnection.getInputStream(Unknown Source)
	at java.base/sun.net.www.protocol.https.HttpsURLConnectionImpl.getInputStream(Unknown Source)
	at com.android.sdklib.repository.legacy.remote.internal.DownloadCache.openUrl(DownloadCache.java:255)
	at com.android.sdklib.repository.legacy.remote.internal.DownloadCache.downloadAndCache(DownloadCache.java:631)
	at com.android.sdklib.repository.legacy.remote.internal.DownloadCache.openCachedUrl(DownloadCache.java:462)
	at com.android.sdklib.repository.legacy.LegacyDownloader.downloadAndStream(LegacyDownloader.java:82)
Warning: IO exception while downloading manifest:
	at com.android.repository.impl.downloader.LocalFileAwareDownloader.downloadAndStream(LocalFileAwareDownloader.java:51)
java.io.FileNotFoundException: https://dl.google.com/android/repository/repository2-3.xml
	at com.android.repository.impl.manager.RemoteRepoLoaderImpl.lambda$fetchPackages$0(RemoteRepoLoaderImpl.java:140)
	at java.base/sun.net.www.protocol.http.HttpURLConnection.getInputStream0(Unknown Source)
	at java.base/java.util.concurrent.Executors$RunnableAdapter.call(Unknown Source)
	at java.base/sun.net.www.protocol.http.HttpURLConnection.getInputStream(Unknown Source)
	at java.base/java.util.concurrent.FutureTask.run(Unknown Source)
	at java.base/sun.net.www.protocol.https.HttpsURLConnectionImpl.getInputStream(Unknown Source)
	at java.base/java.util.concurrent.ThreadPoolExecutor.runWorker(Unknown Source)
	at com.android.sdklib.repository.legacy.remote.internal.DownloadCache.openUrl(DownloadCache.java:255)
	at java.base/java.util.concurrent.ThreadPoolExecutor$Worker.run(Unknown Source)
	at com.android.sdklib.repository.legacy.remote.internal.DownloadCache.downloadAndCache(DownloadCache.java:631)
	at java.base/java.lang.Thread.run(Unknown Source)
	at com.android.sdklib.repository.legacy.remote.internal.DownloadCache.openCachedUrl(DownloadCache.java:462)
	at com.android.sdklib.repository.legacy.LegacyDownloader.downloadAndStream(LegacyDownloader.java:82)
	at com.android.repository.impl.downloader.LocalFileAwareDownloader.downloadAndStream(LocalFileAwareDownloader.java:51)
	at com.android.repository.impl.manager.RemoteRepoLoaderImpl.lambda$fetchPackages$0(RemoteRepoLoaderImpl.java:140)
	at java.base/java.util.concurrent.Executors$RunnableAdapter.call(Unknown Source)
	at java.base/java.util.concurrent.FutureTask.run(Unknown Source)
	at java.base/java.util.concurrent.ThreadPoolExecutor.runWorker(Unknown Source)
	at java.base/java.util.concurrent.ThreadPoolExecutor$Worker.run(Unknown Source)
	at java.base/java.lang.Thread.run(Unknown Source)
Warning: Still waiting for package manifests to be fetched remotely.
flutter : 
At line:1 char:113
+ ... ew.bat --stop; cd ".." ; flutter run -d XGUOUSMZVCNRZ9NV 2>&1 | Tee-O ...
+                              ~~~~~~~~~~~~~~~~~~~~~~~~~~~~~~~~~~~~
    + CategoryInfo          : NotSpecified: (:String) [], RemoteException
    + FullyQualifiedErrorId : NativeCommandError
 
FAILURE: Build failed with an exception.

* Where:
Build file 'C:\Users\Ali\Dropbox\Project\Flutter\kidcar_app_v1_01\kidcar_new\an
droid\build.gradle.kts' line: 20

* What went wrong:
A problem occurred configuring project ':app'.
> NDK not configured. Download it with SDK manager. Preferred NDK version is 
'27.0.12077973'. 

* Try:
> Run with --stacktrace option to get the stack trace.
> Run with --info or --debug option to get more log output.
> Run with --scan to get full insights.
> Get more help at https://help.gradle.org.

BUILD FAILED in 24s
Running Gradle task 'assembleDebug'...                             █▓█╡┘س█│s
[!] Gradle threw an error while downloading artifacts from the network.
Retrying Gradle Build: #1, wait time: 100ms
Running Gradle task 'assembleDebug'...                          
Warning: Failed to download any source lists!
Warning: IO exception while downloading manifest:
java.io.FileNotFoundException: https://dl.google.com/android/repository/repository2-2.xml
	at java.base/sun.net.www.protocol.http.HttpURLConnection.getInputStream0(Unknown Source)
	at java.base/sun.net.www.protocol.http.HttpURLConnection.getInputStream(Unknown Source)
	at java.base/sun.net.www.protocol.https.HttpsURLConnectionImpl.getInputStream(Unknown Source)
	at com.android.sdklib.repository.legacy.remote.internal.DownloadCache.openUrl(DownloadCache.java:255)
	at com.android.sdklib.repository.legacy.remote.internal.DownloadCache.downloadAndCache(DownloadCache.java:631)
	at com.android.sdklib.repository.legacy.remote.internal.DownloadCache.openCachedUrl(DownloadCache.java:462)
	at com.android.sdklib.repository.legacy.LegacyDownloader.downloadAndStream(LegacyDownloader.java:82)
	at com.android.repository.impl.downloader.LocalFileAwareDownloader.downloadAndStream(LocalFileAwareDownloader.java:51)
	at com.android.repository.impl.manager.RemoteRepoLoaderImpl.lambda$fetchPackages$0(RemoteRepoLoaderImpl.java:140)
	at java.base/java.util.concurrent.Executors$RunnableAdapter.call(Unknown Source)
	at java.base/java.util.concurrent.FutureTask.run(Unknown Source)
	at java.base/java.util.concurrent.ThreadPoolExecutor.runWorker(Unknown Source)
	at java.base/java.util.concurrent.ThreadPoolExecutor$Worker.run(Unknown Source)
	at java.base/java.lang.Thread.run(Unknown Source)
Warning: IO exception while downloading manifest:
java.io.FileNotFoundException: https://dl.google.com/android/repository/repository2-3.xml
	at java.base/sun.net.www.protocol.http.HttpURLConnection.getInputStream0(Unknown Source)
	at java.base/sun.net.www.protocol.http.HttpURLConnection.getInputStream(Unknown Source)
	at java.base/sun.net.www.protocol.https.HttpsURLConnectionImpl.getInputStream(Unknown Source)
	at com.android.sdklib.repository.legacy.remote.internal.DownloadCache.openUrl(DownloadCache.java:255)
	at com.android.sdklib.repository.legacy.remote.internal.DownloadCache.downloadAndCache(DownloadCache.java:631)
	at com.android.sdklib.repository.legacy.remote.internal.DownloadCache.openCachedUrl(DownloadCache.java:462)
	at com.android.sdklib.repository.legacy.LegacyDownloader.downloadAndStream(LegacyDownloader.java:82)
	at com.android.repository.impl.downloader.LocalFileAwareDownloader.downloadAndStream(LocalFileAwareDownloader.java:51)
	at com.android.repository.impl.manager.RemoteRepoLoaderImpl.lambda$fetchPackages$0(RemoteRepoLoaderImpl.java:140)
	at java.base/java.util.concurrent.Executors$RunnableAdapter.call(Unknown Source)
	at java.base/java.util.concurrent.FutureTask.run(Unknown Source)
	at java.base/java.util.concurrent.ThreadPoolExecutor.runWorker(Unknown Source)
	at java.base/java.util.concurrent.ThreadPoolExecutor$Worker.run(Unknown Source)
	at java.base/java.lang.Thread.run(Unknown Source)
Warning: Still waiting for package manifests to be fetched remotely.

FAILURE: Build failed with an exception.

* Where:
Build file 'C:\Users\Ali\Dropbox\Project\Flutter\kidcar_app_v1_01\kidcar_new\an
droid\build.gradle.kts' line: 20

* What went wrong:
A problem occurred configuring project ':app'.
> NDK not configured. Download it with SDK manager. Preferred NDK version is 
'27.0.12077973'. 

* Try:
> Run with --stacktrace option to get the stack trace.
> Run with --info or --debug option to get more log output.
> Run with --scan to get full insights.
> Get more help at https://help.gradle.org.

BUILD FAILED in 7s
Running Gradle task 'assembleDebug'...                              █╖┘س█╡s
[!] Gradle threw an error while downloading artifacts from the network.
Error: Gradle task assembleDebug failed with exit code 1
